// Jest Snapshot v1, https://goo.gl/fbAQLP

exports[`renders correctly 1`] = `
<RCTSafeAreaView
  emulateUnlessSupported={true}
  style={
    Object {
      "backgroundColor": "#00f0f0",
      "flex": 1,
    }
  }
>
  <View
    style={
      Array [
        Object {
          "padding": 8,
        },
        Object {
          "backgroundColor": "plum",
        },
        Object {
          "flex": 1,
        },
      ]
    }
  >
    <Text
      style={
        Object {
          "color": "red",
        }
      }
    >
      Hola
    </Text>
    <View>
      <Text>
        Lorem ipsum
      </Text>
      <Text>
        En un lugar de la Mancha
      </Text>
      <Text>
        de cuyo nombre no quiero acordarme
      </Text>
    </View>
    <View
      style={
        Array [
          Object {
            "backgroundColor": "yellow",
          },
          Object {
            "padding": 8,
          },
          Object {
            "marginTop": "auto",
          },
        ]
      }
    >
      <Text
        style={
          Array [
            Array [
              Object {
                "padding": 10,
              },
              Object {
                "backgroundColor": "gold",
              },
            ],
            Object {
              "color": "red",
              "fontSize": undefined,
            },
          ]
        }
      >
        Esto es una descripción
      </Text>
      <View
        style={
          Array [
            Object {
              "margin": 10,
            },
            Object {
              "backgroundColor": "#d23456",
            },
          ]
        }
      >
        <Text
          style={
            Array [
              undefined,
              Object {
                "color": undefined,
                "fontSize": undefined,
              },
            ]
          }
        >
          Hola muy buenas
        </Text>
        <Text
          style={
            Array [
              Object {
                "fontSize": 45,
                "fontWeight": "bold",
              },
              Object {
                "color": "black",
                "fontSize": undefined,
              },
            ]
          }
        >
          Cómo están ustedes!
        </Text>
        <Image
          source={
            Object {
              "height": 150,
              "uri": "https://placekitten.com/g/300/300",
              "width": 150,
            }
          }
        />
      </View>
    </View>
  </View>
</RCTSafeAreaView>
`;
